// Jest Snapshot v1, https://goo.gl/fbAQLP

exports[`Home shopuld renders homepage unchanged 1`] = `
<div>
  <main>
    <h1>
      Ubirata
    </h1>
  </main>
</div>
`;
